// Jest Snapshot v1, https://goo.gl/fbAQLP

exports[`Cell: Edit mode: off 1`] = `
<DocumentFragment>
  <span
    data-testid="Cell"
  >
    hello
  </span>
</DocumentFragment>
`;

exports[`Cell: Edit mode: on 1`] = `
<DocumentFragment>
  <div
    class="MuiFormControl-root-1"
    data-testid="Cell"
  >
    <div
      class="MuiInputBase-root-18 MuiInput-root-5 MuiInput-underline-9 MuiInputBase-formControl-19 MuiInput-formControl-6"
    >
      <input
        aria-invalid="false"
        class="MuiInputBase-input-28 MuiInput-input-13"
        type="text"
        value="hello"
      />
    </div>
  </div>
</DocumentFragment>
`;
